// Jest Snapshot v1, https://goo.gl/fbAQLP

exports[`Registry handling - Add multiple packages Add dependency overrides 1`] = `
{
  "react": [
    {
      "filetypes": {
        "js": {
          "urls": [
            "https://cdnjs.cloudflare.com/ajax/libs/react/18.0.0/umd/react.production.min.js",
          ],
        },
      },
      "major": 18,
      "minor": 0,
      "patch": 0,
      "str": "18.0.0",
    },
  ],
  "reactdom": [
    {
      "filetypes": {
        "js": {
          "dependencyOverrides": {
            "react": "react@18.0.0",
          },
          "urls": [
            "https://cdnjs.cloudflare.com/ajax/libs/react-dom/18.0.0/umd/react-dom.production.min.js",
          ],
        },
      },
      "major": 18,
      "minor": 0,
      "patch": 0,
      "str": "18.0.0",
    },
  ],
}
`;
