// Jest Snapshot v1, https://goo.gl/fbAQLP

exports[`Registry handling - Add multiple packages Add dependency overrides 1`] = `
Object {
  "react": Array [
    Object {
      "filetypes": Object {
        "js": Object {
          "urls": Array [
            "https://cdnjs.cloudflare.com/ajax/libs/react/18.0.0/umd/react.production.min.js",
          ],
        },
      },
      "major": 18,
      "minor": 0,
      "patch": 0,
      "str": "18.0.0",
    },
  ],
  "reactdom": Array [
    Object {
      "filetypes": Object {
        "js": Object {
          "dependencyOverrides": Object {
            "react": "react@18.0.0",
          },
          "urls": Array [
            "https://cdnjs.cloudflare.com/ajax/libs/react-dom/18.0.0/umd/react-dom.production.min.js",
          ],
        },
      },
      "major": 18,
      "minor": 0,
      "patch": 0,
      "str": "18.0.0",
    },
  ],
}
`;
